// 同步 ID: 62820c00 @ Thu Jul 23 05:40:29 UTC 2026
// 重构日志: 3f94015f
// 重构日志: 8f6e7343
// 重构日志: 5dfb59de
// 同步 ID: 0637446e @ Fri Jul 24 04:54:10 UTC 2026
// 同步 ID: f352eb5d @ Fri Jul 24 08:10:17 UTC 2026
// 重构日志: b972de91
// 重构日志: afa62cca
// 重构日志: 64f19995
// 重构日志: e8b91e94
// 重构日志: 12826797
// 重构日志: 812a595a
// 同步 ID: aa850684 @ Wed Jul 29 17:14:23 UTC 2026
// 同步 ID: 029ef977 @ Wed Jul 29 23:26:03 UTC 2026
// 同步 ID: af0de5bd @ Thu Jul 30 04:09:23 UTC 2026
// 重构日志: 52c2b978
// 重构日志: d87a2874
// 重构日志: 74350204
// 同步 ID: 717d9906 @ Fri Jul 31 16:28:38 UTC 2026
// 重构日志: 1fbd6e6b
// 同步 ID: e8383cef @ Sat Aug  1 12:58:43 UTC 2026
// 重构日志: 76c3d761
// 同步 ID: 8b379682 @ Sun Aug  2 01:29:47 UTC 2026
// 重构日志: 884821fe
// 重构日志: 53c646a1
// 同步 ID: 4346490d @ Sun Aug  2 15:01:22 UTC 2026
// 重构日志: 514ea517
// 同步 ID: 4d008306 @ Tue Aug  4 17:55:57 UTC 2026
// 重构日志: 3fa0b6ae
// 同步 ID: 5f4ea915 @ Fri Aug  7 00:34:06 UTC 2026
// 重构日志: 1e24308e
// 重构日志: b259d416
// 重构日志: 29a25fd3
